// Jest Snapshot v1, https://jestjs.io/docs/snapshot-testing

exports[`The Work Page has expected snapshot 1`] = `
.emotion-0 {
  position: absolute;
  top: -40px;
  left: 6px;
  z-index: 1000;
}

.emotion-0 a {
  position: absolute;
  left: -9999px;
  width: 100%;
  height: 100%;
  overflow: hidden;
  background-color: #fa2742;
  color: #fff;
  padding: 8px;
  -webkit-text-decoration: none;
  text-decoration: none;
  border-radius: 4px;
}

.emotion-0 a:focus {
  position: static;
  left: auto;
  width: auto;
  height: auto;
  overflow: visible;
}

.emotion-1 {
  background-color: #fff;
  color: rgba(0, 0, 0, 0.87);
  -webkit-transition: box-shadow 300ms cubic-bezier(0.4, 0, 0.2, 1) 0ms;
  transition: box-shadow 300ms cubic-bezier(0.4, 0, 0.2, 1) 0ms;
  box-shadow: var(--Paper-shadow);
  background-image: var(--Paper-overlay);
  display: -webkit-box;
  display: -webkit-flex;
  display: -ms-flexbox;
  display: flex;
  -webkit-flex-direction: column;
  -ms-flex-direction: column;
  flex-direction: column;
  width: 100%;
  box-sizing: border-box;
  -webkit-flex-shrink: 0;
  -ms-flex-negative: 0;
  flex-shrink: 0;
  position: fixed;
  z-index: 1100;
  top: 0;
  left: auto;
  right: 0;
  --AppBar-background: #fa2742;
  --AppBar-color: #fff;
  background-color: var(--AppBar-background);
  color: var(--AppBar-color);
  background-color: #f8faf3;
  border: 8px solid;
  border-color: #373833;
  min-height: 60px;
  height: 60px;
  font-weight: 700;
  display: -webkit-box;
  display: -webkit-flex;
  display: -ms-flexbox;
  display: flex;
  -webkit-flex-direction: row;
  -ms-flex-direction: row;
  flex-direction: row;
  -webkit-box-pack: justify;
  -webkit-justify-content: space-between;
  justify-content: space-between;
  -webkit-align-items: center;
  -webkit-box-align: center;
  -ms-flex-align: center;
  align-items: center;
  box-shadow: none;
}

@media print {
  .emotion-1 {
    position: absolute;
  }
}

.emotion-2 {
  font-family: fontFamily;
  font-size: 30px;
  height: 100%;
  width: 60px;
  border-right: 8px solid;
  border-right-color: #373833;
  display: -webkit-box;
  display: -webkit-flex;
  display: -ms-flexbox;
  display: flex;
  -webkit-box-pack: center;
  -ms-flex-pack: center;
  -webkit-justify-content: center;
  justify-content: center;
  -webkit-align-items: center;
  -webkit-box-align: center;
  -ms-flex-align: center;
  align-items: center;
}

.emotion-2:hover {
  cursor: pointer;
}

.emotion-3 {
  margin: 0;
  font: inherit;
  line-height: inherit;
  letter-spacing: inherit;
  color: #fa2742;
  -webkit-text-decoration: none;
  text-decoration: none;
  color: #373833;
  width: 100%;
  text-align: center;
}

.emotion-3:hover {
  -webkit-text-decoration: underline;
  text-decoration: underline;
}

.emotion-3:hover {
  color: rgb(251, 82, 103);
  -webkit-text-decoration: none;
  text-decoration: none;
}

.emotion-3::before {
  content: "nf";
}

.emotion-4 {
  position: absolute;
  width: 1px;
  height: 1px;
  padding: 0px;
  margin: -1px;
  overflow: hidden;
  clip: rect(0, 0, 0, 0);
  border: 0px solid;
}

.emotion-5 {
  list-style: none;
  margin: 0;
  padding: 0;
  position: relative;
  padding-top: 8px;
  padding-bottom: 8px;
  list-style: none;
  display: -webkit-box;
  display: -webkit-flex;
  display: -ms-flexbox;
  display: flex;
}

.emotion-6 {
  display: -webkit-box;
  display: -webkit-flex;
  display: -ms-flexbox;
  display: flex;
  -webkit-box-pack: start;
  -ms-flex-pack: start;
  -webkit-justify-content: flex-start;
  justify-content: flex-start;
  -webkit-align-items: center;
  -webkit-box-align: center;
  -ms-flex-align: center;
  align-items: center;
  position: relative;
  -webkit-text-decoration: none;
  text-decoration: none;
  width: 100%;
  box-sizing: border-box;
  text-align: left;
  padding-top: 8px;
  padding-bottom: 8px;
  padding-left: 16px;
  padding-right: 16px;
  -webkit-transition: -webkit-transform 0.25s ease;
  transition: transform 0.25s ease;
}

.emotion-6:hover {
  -webkit-transform: scale(1.2);
  -moz-transform: scale(1.2);
  -ms-transform: scale(1.2);
  transform: scale(1.2);
}

.emotion-7 {
  margin: 0;
  font: inherit;
  line-height: inherit;
  letter-spacing: inherit;
  color: #fa2742;
  -webkit-text-decoration: none;
  text-decoration: none;
  border-bottom: 4px solid;
  border-bottom-color: rgb(251, 82, 103);
  box-sizing: border-box;
  letter-spacing: 1.25px;
  height: 100%;
  -webkit-text-decoration: none;
  text-decoration: none;
  color: #373833;
  -webkit-transition: color 0.25s ease;
  transition: color 0.25s ease;
}

.emotion-7:hover {
  -webkit-text-decoration: underline;
  text-decoration: underline;
}

.emotion-7:hover {
  color: rgb(251, 82, 103);
  -webkit-text-decoration: none;
  text-decoration: none;
}

.emotion-9 {
  margin: 0;
  font: inherit;
  line-height: inherit;
  letter-spacing: inherit;
  color: #fa2742;
  -webkit-text-decoration: none;
  text-decoration: none;
  box-sizing: border-box;
  letter-spacing: 1.25px;
  height: 100%;
  -webkit-text-decoration: none;
  text-decoration: none;
  color: #373833;
  -webkit-transition: color 0.25s ease;
  transition: color 0.25s ease;
}

.emotion-9:hover {
  -webkit-text-decoration: underline;
  text-decoration: underline;
}

.emotion-9:hover {
  color: rgb(251, 82, 103);
  -webkit-text-decoration: none;
  text-decoration: none;
}

.emotion-14 {
  width: 100%;
  margin-left: auto;
  box-sizing: border-box;
  margin-right: auto;
  padding-left: 16px;
  padding-right: 16px;
  margin-top: 60px;
  min-height: calc(var(--viewport-height) - 60px - 175px);
  padding: 0!important;
  max-width: 100%!important;
}

@media (min-width:600px) {
  .emotion-14 {
    padding-left: 24px;
    padding-right: 24px;
  }
}

@media (min-width:1200px) {
  .emotion-14 {
    max-width: 1200px;
  }
}

.emotion-15 {
  width: 100%;
  margin-left: auto;
  box-sizing: border-box;
  margin-right: auto;
  padding-left: 16px;
  padding-right: 16px;
  padding-top: 16px;
  padding-bottom: 16px;
}

@media (min-width:600px) {
  .emotion-15 {
    padding-left: 24px;
    padding-right: 24px;
  }
}

@media (min-width:1200px) {
  .emotion-15 {
    max-width: 1200px;
  }
}

.emotion-16 {
  margin: 0;
  font-family: fontFamily;
  font-weight: 300;
  font-size: 3.5rem;
  line-height: 1.167;
  margin-bottom: 0.35em;
}

@media (min-width:600px) {
  .emotion-16 {
    font-size: 4.7129rem;
  }
}

@media (min-width:900px) {
  .emotion-16 {
    font-size: 5.3556rem;
  }
}

@media (min-width:1200px) {
  .emotion-16 {
    font-size: 5.9983rem;
  }
}

.emotion-17 {
  margin: 0;
  font-size: 0.9rem;
  font-family: fontFamily;
  font-weight: 400;
  line-height: 1.43;
}

.emotion-18 {
  width: 100%;
}

.emotion-19 {
  border-bottom: 1px solid;
  border-color: rgba(0, 0, 0, 0.12);
}

.emotion-20 {
  overflow: hidden;
  min-height: 48px;
  -webkit-overflow-scrolling: touch;
  display: -webkit-box;
  display: -webkit-flex;
  display: -ms-flexbox;
  display: flex;
}

.emotion-21 {
  display: -webkit-inline-box;
  display: -webkit-inline-flex;
  display: -ms-inline-flexbox;
  display: inline-flex;
  -webkit-align-items: center;
  -webkit-box-align: center;
  -ms-flex-align: center;
  align-items: center;
  -webkit-box-pack: center;
  -ms-flex-pack: center;
  -webkit-justify-content: center;
  justify-content: center;
  position: relative;
  box-sizing: border-box;
  -webkit-tap-highlight-color: transparent;
  background-color: transparent;
  outline: 0;
  border: 0;
  margin: 0;
  border-radius: 0;
  padding: 0;
  cursor: pointer;
  -webkit-user-select: none;
  -moz-user-select: none;
  -ms-user-select: none;
  user-select: none;
  vertical-align: middle;
  -moz-appearance: none;
  -webkit-appearance: none;
  -webkit-text-decoration: none;
  text-decoration: none;
  color: inherit;
  width: 40px;
  -webkit-flex-shrink: 0;
  -ms-flex-negative: 0;
  flex-shrink: 0;
  opacity: 0.8;
}

.emotion-21::-moz-focus-inner {
  border-style: none;
}

.emotion-21.Mui-disabled {
  pointer-events: none;
  cursor: default;
}

@media print {
  .emotion-21 {
    -webkit-print-color-adjust: exact;
    color-adjust: exact;
  }
}

.emotion-21.Mui-disabled {
  opacity: 0;
}

.emotion-22 {
  -webkit-user-select: none;
  -moz-user-select: none;
  -ms-user-select: none;
  user-select: none;
  width: 1em;
  height: 1em;
  display: inline-block;
  -webkit-flex-shrink: 0;
  -ms-flex-negative: 0;
  flex-shrink: 0;
  -webkit-transition: fill 200ms cubic-bezier(0.4, 0, 0.2, 1) 0ms;
  transition: fill 200ms cubic-bezier(0.4, 0, 0.2, 1) 0ms;
  fill: currentColor;
  font-size: 1.25rem;
}

.emotion-23 {
  overflow-x: auto;
  overflow-y: hidden;
  scrollbar-width: none;
}

.emotion-23::-webkit-scrollbar {
  display: none;
}

.emotion-24 {
  position: relative;
  display: inline-block;
  -webkit-flex: 1 1 auto;
  -ms-flex: 1 1 auto;
  flex: 1 1 auto;
  white-space: nowrap;
  scrollbar-width: none;
  overflow-x: auto;
  overflow-y: hidden;
}

.emotion-24::-webkit-scrollbar {
  display: none;
}

.emotion-25 {
  display: -webkit-box;
  display: -webkit-flex;
  display: -ms-flexbox;
  display: flex;
}

.emotion-26 {
  display: -webkit-inline-box;
  display: -webkit-inline-flex;
  display: -ms-inline-flexbox;
  display: inline-flex;
  -webkit-align-items: center;
  -webkit-box-align: center;
  -ms-flex-align: center;
  align-items: center;
  -webkit-box-pack: center;
  -ms-flex-pack: center;
  -webkit-justify-content: center;
  justify-content: center;
  position: relative;
  box-sizing: border-box;
  -webkit-tap-highlight-color: transparent;
  background-color: transparent;
  outline: 0;
  border: 0;
  margin: 0;
  border-radius: 0;
  padding: 0;
  cursor: pointer;
  -webkit-user-select: none;
  -moz-user-select: none;
  -ms-user-select: none;
  user-select: none;
  vertical-align: middle;
  -moz-appearance: none;
  -webkit-appearance: none;
  -webkit-text-decoration: none;
  text-decoration: none;
  color: inherit;
  font-family: fontFamily;
  font-weight: 500;
  font-size: 0.875rem;
  line-height: 1.25;
  text-transform: uppercase;
  max-width: 360px;
  min-width: 90px;
  position: relative;
  min-height: 48px;
  -webkit-flex-shrink: 0;
  -ms-flex-negative: 0;
  flex-shrink: 0;
  padding: 12px 16px;
  overflow: hidden;
  white-space: normal;
  text-align: center;
  -webkit-flex-direction: column;
  -ms-flex-direction: column;
  flex-direction: column;
  color: rgba(0, 0, 0, 0.6);
}

.emotion-26::-moz-focus-inner {
  border-style: none;
}

.emotion-26.Mui-disabled {
  pointer-events: none;
  cursor: default;
}

@media print {
  .emotion-26 {
    -webkit-print-color-adjust: exact;
    color-adjust: exact;
  }
}

.emotion-26.Mui-selected {
  color: #fa2742;
}

.emotion-26.Mui-disabled {
  color: rgba(0, 0, 0, 0.38);
}

.emotion-29 {
  position: absolute;
  height: 2px;
  bottom: 0;
  width: 100%;
  -webkit-transition: all 300ms cubic-bezier(0.4, 0, 0.2, 1) 0ms;
  transition: all 300ms cubic-bezier(0.4, 0, 0.2, 1) 0ms;
  background-color: #fa2742;
}

.emotion-33 {
  padding: 24px;
}

.emotion-34 {
  margin: 0;
  font-family: fontFamily;
  font-weight: 400;
  font-size: 1.25rem;
  line-height: 1.334;
}

@media (min-width:600px) {
  .emotion-34 {
    font-size: 1.3118rem;
  }
}

@media (min-width:900px) {
  .emotion-34 {
    font-size: 1.4993rem;
  }
}

@media (min-width:1200px) {
  .emotion-34 {
    font-size: 1.4993rem;
  }
}

.emotion-35 {
  margin: 0;
  font-family: fontFamily;
  font-weight: 400;
  font-size: 0.75rem;
  line-height: 2.66;
  text-transform: uppercase;
}

.emotion-36 {
  margin: 0;
  font-family: fontFamily;
  font-weight: 500;
  font-size: 0.875rem;
  line-height: 1.57;
}

.emotion-37 {
  list-style: none;
  margin: 0;
  padding: 0;
  position: relative;
  padding-top: 8px;
  padding-bottom: 8px;
}

.emotion-38 {
  display: -webkit-box;
  display: -webkit-flex;
  display: -ms-flexbox;
  display: flex;
  -webkit-box-pack: start;
  -ms-flex-pack: start;
  -webkit-justify-content: flex-start;
  justify-content: flex-start;
  -webkit-align-items: center;
  -webkit-box-align: center;
  -ms-flex-align: center;
  align-items: center;
  position: relative;
  -webkit-text-decoration: none;
  text-decoration: none;
  width: 100%;
  box-sizing: border-box;
  text-align: left;
  padding-top: 8px;
  padding-bottom: 8px;
  padding-left: 16px;
  padding-right: 16px;
}

.emotion-38::before {
  content: "-";
  padding-right: 4px;
  -webkit-align-self: flex-start;
  -ms-flex-item-align: flex-start;
  align-self: flex-start;
}

.emotion-42 {
  list-style: none;
  margin: 0;
  padding: 0;
  position: relative;
  padding-top: 8px;
  padding-bottom: 8px;
  display: -webkit-box;
  display: -webkit-flex;
  display: -ms-flexbox;
  display: flex;
  -webkit-flex-direction: row;
  -ms-flex-direction: row;
  flex-direction: row;
  -webkit-box-pack: start;
  -ms-flex-pack: start;
  -webkit-justify-content: flex-start;
  justify-content: flex-start;
  -webkit-align-items: center;
  -webkit-box-align: center;
  -ms-flex-align: center;
  align-items: center;
  -webkit-box-flex-wrap: wrap;
  -webkit-flex-wrap: wrap;
  -ms-flex-wrap: wrap;
  flex-wrap: wrap;
}

.emotion-43 {
  display: -webkit-box;
  display: -webkit-flex;
  display: -ms-flexbox;
  display: flex;
  -webkit-box-pack: start;
  -ms-flex-pack: start;
  -webkit-justify-content: flex-start;
  justify-content: flex-start;
  -webkit-align-items: center;
  -webkit-box-align: center;
  -ms-flex-align: center;
  align-items: center;
  position: relative;
  -webkit-text-decoration: none;
  text-decoration: none;
  width: 100%;
  box-sizing: border-box;
  text-align: left;
  padding-top: 8px;
  padding-bottom: 8px;
  padding-left: 16px;
  padding-right: 16px;
  padding-right: 8px;
  padding-left: 0px;
  width: initial;
}

.emotion-44 {
  max-width: 100%;
  font-family: fontFamily;
  font-size: 0.8125rem;
  display: -webkit-inline-box;
  display: -webkit-inline-flex;
  display: -ms-inline-flexbox;
  display: inline-flex;
  -webkit-align-items: center;
  -webkit-box-align: center;
  -ms-flex-align: center;
  align-items: center;
  -webkit-box-pack: center;
  -ms-flex-pack: center;
  -webkit-justify-content: center;
  justify-content: center;
  height: 32px;
  line-height: 1.5;
  color: rgba(0, 0, 0, 0.87);
  background-color: rgba(0, 0, 0, 0.08);
  border-radius: 16px;
  white-space: nowrap;
  -webkit-transition: background-color 300ms cubic-bezier(0.4, 0, 0.2, 1) 0ms,box-shadow 300ms cubic-bezier(0.4, 0, 0.2, 1) 0ms;
  transition: background-color 300ms cubic-bezier(0.4, 0, 0.2, 1) 0ms,box-shadow 300ms cubic-bezier(0.4, 0, 0.2, 1) 0ms;
  cursor: unset;
  outline: 0;
  -webkit-text-decoration: none;
  text-decoration: none;
  border: 0;
  padding: 0;
  vertical-align: middle;
  box-sizing: border-box;
  height: 24px;
  background-color: #fa2742;
  color: #fff;
}

.emotion-44.Mui-disabled {
  opacity: 0.38;
  pointer-events: none;
}

.emotion-44 .MuiChip-avatar {
  margin-left: 5px;
  margin-right: -6px;
  width: 24px;
  height: 24px;
  color: #616161;
  font-size: 0.75rem;
}

.emotion-44 .MuiChip-avatarColorPrimary {
  color: #fff;
  background-color: rgb(175, 27, 46);
}

.emotion-44 .MuiChip-avatarColorSecondary {
  color: #fff;
  background-color: rgb(38, 39, 35);
}

.emotion-44 .MuiChip-avatarSmall {
  margin-left: 4px;
  margin-right: -4px;
  width: 18px;
  height: 18px;
  font-size: 0.625rem;
}

.emotion-44 .MuiChip-icon {
  margin-left: 5px;
  margin-right: -6px;
}

.emotion-44 .MuiChip-deleteIcon {
  -webkit-tap-highlight-color: transparent;
  color: rgba(0, 0, 0, 0.26);
  font-size: 22px;
  cursor: pointer;
  margin: 0 5px 0 -6px;
}

.emotion-44 .MuiChip-deleteIcon:hover {
  color: rgba(0, 0, 0, 0.4);
}

.emotion-44 .MuiChip-icon {
  font-size: 18px;
  margin-left: 4px;
  margin-right: -4px;
}

.emotion-44 .MuiChip-deleteIcon {
  font-size: 16px;
  margin-right: 4px;
  margin-left: -4px;
}

.emotion-44 .MuiChip-deleteIcon {
  color: rgba(255, 255, 255, 0.7);
}

.emotion-44 .MuiChip-deleteIcon:hover,
.emotion-44 .MuiChip-deleteIcon:active {
  color: #fff;
}

.emotion-44 .MuiChip-icon {
  color: #616161;
}

.emotion-44 .MuiChip-icon {
  color: inherit;
}

.emotion-45 {
  overflow: hidden;
  text-overflow: ellipsis;
  padding-left: 12px;
  padding-right: 12px;
  white-space: nowrap;
  padding-left: 8px;
  padding-right: 8px;
}

.emotion-63 {
  max-width: 100%;
  font-family: fontFamily;
  font-size: 0.8125rem;
  display: -webkit-inline-box;
  display: -webkit-inline-flex;
  display: -ms-inline-flexbox;
  display: inline-flex;
  -webkit-align-items: center;
  -webkit-box-align: center;
  -ms-flex-align: center;
  align-items: center;
  -webkit-box-pack: center;
  -ms-flex-pack: center;
  -webkit-justify-content: center;
  justify-content: center;
  height: 32px;
  line-height: 1.5;
  color: rgba(0, 0, 0, 0.87);
  background-color: rgba(0, 0, 0, 0.08);
  border-radius: 16px;
  white-space: nowrap;
  -webkit-transition: background-color 300ms cubic-bezier(0.4, 0, 0.2, 1) 0ms,box-shadow 300ms cubic-bezier(0.4, 0, 0.2, 1) 0ms;
  transition: background-color 300ms cubic-bezier(0.4, 0, 0.2, 1) 0ms,box-shadow 300ms cubic-bezier(0.4, 0, 0.2, 1) 0ms;
  cursor: unset;
  outline: 0;
  -webkit-text-decoration: none;
  text-decoration: none;
  border: 0;
  padding: 0;
  vertical-align: middle;
  box-sizing: border-box;
  height: 24px;
  background-color: #fa2742;
  color: #fff;
  background-color: transparent;
  border: 1px solid #bdbdbd;
  color: #fa2742;
  border: 1px solid rgba(250, 39, 66, 0.7);
}

.emotion-63.Mui-disabled {
  opacity: 0.38;
  pointer-events: none;
}

.emotion-63 .MuiChip-avatar {
  margin-left: 5px;
  margin-right: -6px;
  width: 24px;
  height: 24px;
  color: #616161;
  font-size: 0.75rem;
}

.emotion-63 .MuiChip-avatarColorPrimary {
  color: #fff;
  background-color: rgb(175, 27, 46);
}

.emotion-63 .MuiChip-avatarColorSecondary {
  color: #fff;
  background-color: rgb(38, 39, 35);
}

.emotion-63 .MuiChip-avatarSmall {
  margin-left: 4px;
  margin-right: -4px;
  width: 18px;
  height: 18px;
  font-size: 0.625rem;
}

.emotion-63 .MuiChip-icon {
  margin-left: 5px;
  margin-right: -6px;
}

.emotion-63 .MuiChip-deleteIcon {
  -webkit-tap-highlight-color: transparent;
  color: rgba(0, 0, 0, 0.26);
  font-size: 22px;
  cursor: pointer;
  margin: 0 5px 0 -6px;
}

.emotion-63 .MuiChip-deleteIcon:hover {
  color: rgba(0, 0, 0, 0.4);
}

.emotion-63 .MuiChip-icon {
  font-size: 18px;
  margin-left: 4px;
  margin-right: -4px;
}

.emotion-63 .MuiChip-deleteIcon {
  font-size: 16px;
  margin-right: 4px;
  margin-left: -4px;
}

.emotion-63 .MuiChip-deleteIcon {
  color: rgba(255, 255, 255, 0.7);
}

.emotion-63 .MuiChip-deleteIcon:hover,
.emotion-63 .MuiChip-deleteIcon:active {
  color: #fff;
}

.emotion-63 .MuiChip-icon {
  color: #616161;
}

.emotion-63 .MuiChip-icon {
  color: inherit;
}

.emotion-63.MuiChip-clickable:hover {
  background-color: rgba(0, 0, 0, 0.04);
}

.emotion-63.Mui-focusVisible {
  background-color: rgba(0, 0, 0, 0.12);
}

.emotion-63 .MuiChip-avatar {
  margin-left: 4px;
}

.emotion-63 .MuiChip-avatarSmall {
  margin-left: 2px;
}

.emotion-63 .MuiChip-icon {
  margin-left: 4px;
}

.emotion-63 .MuiChip-iconSmall {
  margin-left: 2px;
}

.emotion-63 .MuiChip-deleteIcon {
  margin-right: 5px;
}

.emotion-63 .MuiChip-deleteIconSmall {
  margin-right: 3px;
}

.emotion-63.MuiChip-clickable:hover {
  background-color: rgba(250, 39, 66, 0.04);
}

.emotion-63.Mui-focusVisible {
  background-color: rgba(250, 39, 66, 0.12);
}

.emotion-63 .MuiChip-deleteIcon {
  color: rgba(250, 39, 66, 0.7);
}

.emotion-63 .MuiChip-deleteIcon:hover,
.emotion-63 .MuiChip-deleteIcon:active {
  color: #fa2742;
}

.emotion-64 {
  overflow: hidden;
  text-overflow: ellipsis;
  padding-left: 12px;
  padding-right: 12px;
  white-space: nowrap;
  padding-left: 11px;
  padding-right: 11px;
  padding-left: 8px;
  padding-right: 8px;
  padding-left: 7px;
  padding-right: 7px;
}

.emotion-257 {
  background-color: #373833;
  color: #f8faf3;
  height: 175px;
  padding: 16px;
  display: -webkit-box;
  display: -webkit-flex;
  display: -ms-flexbox;
  display: flex;
  -webkit-box-pack: center;
  -ms-flex-pack: center;
  -webkit-justify-content: center;
  justify-content: center;
  -webkit-align-items: center;
  -webkit-box-align: center;
  -ms-flex-align: center;
  align-items: center;
}

.emotion-258 {
  max-width: 600px;
  display: grid;
  gap: 4px;
  text-align: center;
  height: 100%;
  width: 100%;
}

@media (min-width:0px) {
  .emotion-258 {
    grid-template-areas: "nav" "madeby" "copyright" "source";
  }
}

@media (min-width:600px) {
  .emotion-258 {
    grid-template-areas: "nav madeby" "nav copyright" "nav source";
  }
}

.emotion-259 {
  grid-area: nav;
  display: -webkit-box;
  display: -webkit-flex;
  display: -ms-flexbox;
  display: flex;
  -webkit-align-items: center;
  -webkit-box-align: center;
  -ms-flex-align: center;
  align-items: center;
  width: 100%;
  height: 100%;
}

@media (min-width:0px) {
  .emotion-259 {
    -webkit-box-pack: center;
    -ms-flex-pack: center;
    -webkit-justify-content: center;
    justify-content: center;
  }
}

@media (min-width:600px) {
  .emotion-259 {
    -webkit-box-pack: start;
    -ms-flex-pack: start;
    -webkit-justify-content: flex-start;
    justify-content: flex-start;
  }
}

.emotion-260 {
  width: 25%;
  height: 100%;
}

.emotion-261 {
  list-style: none;
  margin: 0;
  padding: 0;
  position: relative;
  padding-top: 8px;
  padding-bottom: 8px;
  list-style: none;
  display: -webkit-box;
  display: -webkit-flex;
  display: -ms-flexbox;
  display: flex;
  -webkit-box-pack: center;
  -ms-flex-pack: center;
  -webkit-justify-content: center;
  justify-content: center;
  -webkit-align-items: center;
  -webkit-box-align: center;
  -ms-flex-align: center;
  align-items: center;
  width: 100%;
  height: 100%;
  padding: 0px;
}

@media (min-width:0px) {
  .emotion-261 {
    -webkit-flex-direction: row;
    -ms-flex-direction: row;
    flex-direction: row;
  }
}

@media (min-width:600px) {
  .emotion-261 {
    -webkit-flex-direction: column;
    -ms-flex-direction: column;
    flex-direction: column;
  }
}

.emotion-262 {
  display: -webkit-box;
  display: -webkit-flex;
  display: -ms-flexbox;
  display: flex;
  -webkit-box-pack: start;
  -ms-flex-pack: start;
  -webkit-justify-content: flex-start;
  justify-content: flex-start;
  -webkit-align-items: center;
  -webkit-box-align: center;
  -ms-flex-align: center;
  align-items: center;
  position: relative;
  -webkit-text-decoration: none;
  text-decoration: none;
  width: 100%;
  box-sizing: border-box;
  text-align: left;
  padding-top: 8px;
  padding-bottom: 8px;
  padding-left: 16px;
  padding-right: 16px;
  padding: 0px;
  display: -webkit-box;
  display: -webkit-flex;
  display: -ms-flexbox;
  display: flex;
  -webkit-box-pack: center;
  -ms-flex-pack: center;
  -webkit-justify-content: center;
  justify-content: center;
  -webkit-align-items: center;
  -webkit-box-align: center;
  -ms-flex-align: center;
  align-items: center;
  -webkit-transition: -webkit-transform 0.25s ease;
  transition: transform 0.25s ease;
}

@media (min-width:0px) {
  .emotion-262 {
    margin: 8px;
  }
}

@media (min-width:600px) {
  .emotion-262 {
    margin: 24px;
  }
}

.emotion-262:hover {
  -webkit-transform: scale(1.2);
  -moz-transform: scale(1.2);
  -ms-transform: scale(1.2);
  transform: scale(1.2);
}

.emotion-263 {
  margin: 0;
  font: inherit;
  line-height: inherit;
  letter-spacing: inherit;
  color: #fa2742;
  -webkit-text-decoration: none;
  text-decoration: none;
  -webkit-text-decoration: none;
  text-decoration: none;
  height: 100%;
  width: 100%;
  display: -webkit-box;
  display: -webkit-flex;
  display: -ms-flexbox;
  display: flex;
  -webkit-box-pack: center;
  -ms-flex-pack: center;
  -webkit-justify-content: center;
  justify-content: center;
  -webkit-align-items: center;
  -webkit-box-align: center;
  -ms-flex-align: center;
  align-items: center;
}

.emotion-263:hover {
  -webkit-text-decoration: underline;
  text-decoration: underline;
}

.emotion-264 {
  display: -webkit-inline-box;
  display: -webkit-inline-flex;
  display: -ms-inline-flexbox;
  display: inline-flex;
  -webkit-align-items: center;
  -webkit-box-align: center;
  -ms-flex-align: center;
  align-items: center;
  -webkit-box-pack: center;
  -ms-flex-pack: center;
  -webkit-justify-content: center;
  justify-content: center;
  position: relative;
  box-sizing: border-box;
  -webkit-tap-highlight-color: transparent;
  background-color: transparent;
  outline: 0;
  border: 0;
  margin: 0;
  border-radius: 0;
  padding: 0;
  cursor: pointer;
  -webkit-user-select: none;
  -moz-user-select: none;
  -ms-user-select: none;
  user-select: none;
  vertical-align: middle;
  -moz-appearance: none;
  -webkit-appearance: none;
  -webkit-text-decoration: none;
  text-decoration: none;
  color: inherit;
  text-align: center;
  -webkit-flex: 0 0 auto;
  -ms-flex: 0 0 auto;
  flex: 0 0 auto;
  font-size: 1.5rem;
  padding: 8px;
  border-radius: 50%;
  color: rgba(0, 0, 0, 0.54);
  -webkit-transition: background-color 150ms cubic-bezier(0.4, 0, 0.2, 1) 0ms;
  transition: background-color 150ms cubic-bezier(0.4, 0, 0.2, 1) 0ms;
  --IconButton-hoverBg: rgba(0, 0, 0, 0.04);
  padding: 0px;
}

.emotion-264::-moz-focus-inner {
  border-style: none;
}

.emotion-264.Mui-disabled {
  pointer-events: none;
  cursor: default;
}

@media print {
  .emotion-264 {
    -webkit-print-color-adjust: exact;
    color-adjust: exact;
  }
}

.emotion-264:hover {
  background-color: var(--IconButton-hoverBg);
}

@media (hover: none) {
  .emotion-264:hover {
    background-color: transparent;
  }
}

.emotion-264.Mui-disabled {
  background-color: transparent;
  color: rgba(0, 0, 0, 0.26);
}

.emotion-264.MuiIconButton-loading {
  color: transparent;
}

.emotion-265 {
  -webkit-user-select: none;
  -moz-user-select: none;
  -ms-user-select: none;
  user-select: none;
  width: 1em;
  height: 1em;
  display: inline-block;
  -webkit-flex-shrink: 0;
  -ms-flex-negative: 0;
  flex-shrink: 0;
  -webkit-transition: fill 200ms cubic-bezier(0.4, 0, 0.2, 1) 0ms;
  transition: fill 200ms cubic-bezier(0.4, 0, 0.2, 1) 0ms;
  fill: currentColor;
  font-size: 1.5rem;
  color: #f8faf3;
}

.emotion-270 {
  grid-area: madeby;
  display: -webkit-box;
  display: -webkit-flex;
  display: -ms-flexbox;
  display: flex;
}

@media (min-width:0px) {
  .emotion-270 {
    -webkit-box-pack: center;
    -ms-flex-pack: center;
    -webkit-justify-content: center;
    justify-content: center;
    -webkit-align-items: center;
    -webkit-box-align: center;
    -ms-flex-align: center;
    align-items: center;
  }
}

@media (min-width:600px) {
  .emotion-270 {
    -webkit-box-pack: end;
    -ms-flex-pack: end;
    -webkit-justify-content: flex-end;
    justify-content: flex-end;
    -webkit-align-items: flex-end;
    -webkit-box-align: flex-end;
    -ms-flex-align: flex-end;
    align-items: flex-end;
  }
}

.emotion-271 {
  margin: 0;
  font-family: fontFamily;
  font-size: 26px;
}

@media (min-width:0px) {
  .emotion-271 {
    font-size: 24px;
  }
}

@media (min-width:600px) {
  .emotion-271 {
    font-size: 34px;
  }
}

.emotion-272 {
  margin: 0;
  font-family: fontFamily;
  font-weight: 400;
  font-size: 1rem;
  line-height: 1.5;
  display: inline;
  color: #fa2742;
}

.emotion-273 {
  grid-area: copyright;
  display: -webkit-box;
  display: -webkit-flex;
  display: -ms-flexbox;
  display: flex;
}

@media (min-width:0px) {
  .emotion-273 {
    -webkit-box-pack: center;
    -ms-flex-pack: center;
    -webkit-justify-content: center;
    justify-content: center;
    -webkit-align-items: center;
    -webkit-box-align: center;
    -ms-flex-align: center;
    align-items: center;
  }
}

@media (min-width:600px) {
  .emotion-273 {
    -webkit-box-pack: end;
    -ms-flex-pack: end;
    -webkit-justify-content: flex-end;
    justify-content: flex-end;
    -webkit-align-items: flex-end;
    -webkit-box-align: flex-end;
    -ms-flex-align: flex-end;
    align-items: flex-end;
  }
}

.emotion-274 {
  margin: 0;
  font-family: fontFamily;
  font-weight: 400;
  font-size: 0.75rem;
  line-height: 2.66;
  text-transform: uppercase;
  text-transform: none;
}

.emotion-275 {
  grid-area: source;
  display: -webkit-box;
  display: -webkit-flex;
  display: -ms-flexbox;
  display: flex;
}

@media (min-width:0px) {
  .emotion-275 {
    -webkit-box-pack: center;
    -ms-flex-pack: center;
    -webkit-justify-content: center;
    justify-content: center;
    -webkit-align-items: center;
    -webkit-box-align: center;
    -ms-flex-align: center;
    align-items: center;
  }
}

@media (min-width:600px) {
  .emotion-275 {
    -webkit-box-pack: end;
    -ms-flex-pack: end;
    -webkit-justify-content: flex-end;
    justify-content: flex-end;
    -webkit-align-items: flex-end;
    -webkit-box-align: flex-end;
    -ms-flex-align: flex-end;
    align-items: flex-end;
  }
}

.emotion-276 {
  margin: 0;
  font-family: fontFamily;
  font-weight: 400;
  font-size: 0.75rem;
  line-height: 2.66;
  text-transform: uppercase;
  display: -webkit-box;
  display: -webkit-flex;
  display: -ms-flexbox;
  display: flex;
}

.emotion-277 {
  margin: 0;
  font: inherit;
  line-height: inherit;
  letter-spacing: inherit;
  color: #fa2742;
  -webkit-text-decoration: none;
  text-decoration: none;
  color: #f8faf3;
}

.emotion-277:hover {
  -webkit-text-decoration: underline;
  text-decoration: underline;
}

.emotion-278 {
  display: -webkit-inline-box;
  display: -webkit-inline-flex;
  display: -ms-inline-flexbox;
  display: inline-flex;
  -webkit-align-items: center;
  -webkit-box-align: center;
  -ms-flex-align: center;
  align-items: center;
  -webkit-box-pack: center;
  -ms-flex-pack: center;
  -webkit-justify-content: center;
  justify-content: center;
  position: relative;
  box-sizing: border-box;
  -webkit-tap-highlight-color: transparent;
  background-color: transparent;
  outline: 0;
  border: 0;
  margin: 0;
  border-radius: 0;
  padding: 0;
  cursor: pointer;
  -webkit-user-select: none;
  -moz-user-select: none;
  -ms-user-select: none;
  user-select: none;
  vertical-align: middle;
  -moz-appearance: none;
  -webkit-appearance: none;
  -webkit-text-decoration: none;
  text-decoration: none;
  color: inherit;
  font-family: fontFamily;
  font-weight: 500;
  font-size: 0.875rem;
  line-height: 1.75;
  text-transform: uppercase;
  min-width: 64px;
  padding: 6px 16px;
  border: 0;
  border-radius: 4px;
  -webkit-transition: background-color 250ms cubic-bezier(0.4, 0, 0.2, 1) 0ms,box-shadow 250ms cubic-bezier(0.4, 0, 0.2, 1) 0ms,border-color 250ms cubic-bezier(0.4, 0, 0.2, 1) 0ms,color 250ms cubic-bezier(0.4, 0, 0.2, 1) 0ms;
  transition: background-color 250ms cubic-bezier(0.4, 0, 0.2, 1) 0ms,box-shadow 250ms cubic-bezier(0.4, 0, 0.2, 1) 0ms,border-color 250ms cubic-bezier(0.4, 0, 0.2, 1) 0ms,color 250ms cubic-bezier(0.4, 0, 0.2, 1) 0ms;
  padding: 6px 8px;
  color: var(--variant-textColor);
  background-color: var(--variant-textBg);
  --variant-textColor: #fa2742;
  --variant-outlinedColor: #fa2742;
  --variant-outlinedBorder: rgba(250, 39, 66, 0.5);
  --variant-containedColor: #fff;
  --variant-containedBg: #fa2742;
  padding: 4px 5px;
  font-size: 0.8125rem;
  -webkit-transition: background-color 250ms cubic-bezier(0.4, 0, 0.2, 1) 0ms,box-shadow 250ms cubic-bezier(0.4, 0, 0.2, 1) 0ms,border-color 250ms cubic-bezier(0.4, 0, 0.2, 1) 0ms;
  transition: background-color 250ms cubic-bezier(0.4, 0, 0.2, 1) 0ms,box-shadow 250ms cubic-bezier(0.4, 0, 0.2, 1) 0ms,border-color 250ms cubic-bezier(0.4, 0, 0.2, 1) 0ms;
  color: inherit;
  font-size: inherit;
  padding: 0px;
}

.emotion-278::-moz-focus-inner {
  border-style: none;
}

.emotion-278.Mui-disabled {
  pointer-events: none;
  cursor: default;
}

@media print {
  .emotion-278 {
    -webkit-print-color-adjust: exact;
    color-adjust: exact;
  }
}

.emotion-278:hover {
  -webkit-text-decoration: none;
  text-decoration: none;
}

.emotion-278.Mui-disabled {
  color: rgba(0, 0, 0, 0.26);
}

@media (hover: hover) {
  .emotion-278:hover {
    --variant-containedBg: rgb(175, 27, 46);
    --variant-textBg: rgba(250, 39, 66, 0.04);
    --variant-outlinedBorder: #fa2742;
    --variant-outlinedBg: rgba(250, 39, 66, 0.04);
  }
}

.emotion-278.MuiButton-loading {
  color: transparent;
}

<div>
  <nav
    class="MuiBox-root emotion-0"
  >
    <a
      href="#main-content"
    >
      Skip to main content
    </a>
    <a
      href="#main-navigation"
    >
      Skip to navigation
    </a>
    <a
      href="#footer"
    >
      Skip to footer
    </a>
  </nav>
  <header
    class="MuiPaper-root MuiPaper-elevation MuiPaper-elevation4 MuiAppBar-root MuiAppBar-colorPrimary MuiAppBar-positionFixed mui-fixed emotion-1"
    data-testid="header"
    style="--Paper-shadow: 0px 2px 4px -1px rgba(0,0,0,0.2),0px 4px 5px 0px rgba(0,0,0,0.14),0px 1px 10px 0px rgba(0,0,0,0.12);"
  >
    <div
      class="MuiBox-root emotion-2"
      data-testid="header-logo"
    >
      <a
        class="MuiTypography-root MuiTypography-inherit MuiLink-root MuiLink-underlineHover emotion-3"
        href="/"
      >
        <span
          class="MuiBox-root emotion-4"
          data-testid="visually-hidden"
        >
          Home
        </span>
      </a>
    </div>
    <nav
      aria-label="Main Navigation"
      data-testid="header-nav"
      id="main-navigation"
    >
      <ul
        class="MuiList-root MuiList-padding emotion-5"
      >
        <li
          class="MuiListItem-root MuiListItem-gutters MuiListItem-padding emotion-6"
        >
          <a
            aria-current="page"
            class="MuiTypography-root MuiTypography-inherit MuiLink-root MuiLink-underlineHover emotion-7"
            href="/work"
          >
            Work
          </a>
        </li>
        <li
          class="MuiListItem-root MuiListItem-gutters MuiListItem-padding emotion-6"
        >
          <a
            class="MuiTypography-root MuiTypography-inherit MuiLink-root MuiLink-underlineHover emotion-9"
            href="/about"
          >
            About
          </a>
        </li>
        <li
          class="MuiListItem-root MuiListItem-gutters MuiListItem-padding emotion-6"
        >
          <a
            class="MuiTypography-root MuiTypography-inherit MuiLink-root MuiLink-underlineHover emotion-9"
            href="/contact"
          >
            Contact
          </a>
        </li>
        <li
          class="MuiListItem-root MuiListItem-gutters MuiListItem-padding emotion-6"
        >
          <a
            class="MuiTypography-root MuiTypography-inherit MuiLink-root MuiLink-underlineHover emotion-9"
            href="/"
          >
            Home
          </a>
        </li>
      </ul>
    </nav>
  </header>
  <main
    class="MuiContainer-root MuiContainer-maxWidthLg emotion-14"
    id="main-content"
  >
    <div
      class="MuiContainer-root MuiContainer-maxWidthLg emotion-15"
      data-testid="work-page"
    >
      <h1
        class="MuiTypography-root MuiTypography-h1 MuiTypography-gutterBottom emotion-16"
      >
        Work
      </h1>
      <p
        class="MuiTypography-root MuiTypography-body2 emotion-17"
      >
        After graduating in 2003 with a degree in Computer Engineering from the University of Florida, I worked in the defense industry for 7 years. I then transitioned to working for niche food delivery service companies, where I honed my skills as a Full-Stack Developer. Throughout my career progression, I have assumed roles such as Technical Lead, providing mentorship to colleagues, and collaborating within agile, cross-functional teams.
      </p>
      <div
        class="MuiBox-root emotion-18"
      >
        <div
          class="MuiBox-root emotion-19"
        >
          <div
            class="MuiTabs-root emotion-20"
          >
            <div
              class="MuiButtonBase-root MuiTabScrollButton-root MuiTabScrollButton-horizontal Mui-disabled MuiTabs-scrollButtons emotion-21"
            >
              <svg
                aria-hidden="true"
                class="MuiSvgIcon-root MuiSvgIcon-fontSizeSmall emotion-22"
                data-testid="KeyboardArrowLeftIcon"
                focusable="false"
                viewBox="0 0 24 24"
              >
                <path
                  d="M15.41 16.09l-4.58-4.59 4.58-4.59L14 5.5l-6 6 6 6z"
                />
              </svg>
            </div>
            <div
              class="MuiTabs-scrollableX MuiTabs-hideScrollbar emotion-23"
              style="width: 99px; height: 99px; position: absolute; top: -9999px; overflow: scroll;"
            />
            <div
              class="MuiTabs-scroller MuiTabs-hideScrollbar MuiTabs-scrollableX emotion-24"
              style="margin-bottom: 0px;"
            >
              <div
                aria-label="work experience tabs"
                class="MuiTabs-list MuiTabs-flexContainer emotion-25"
                role="tablist"
              >
                <button
                  aria-controls="work-tabpanel-0"
                  aria-selected="true"
                  class="MuiButtonBase-root MuiTab-root MuiTab-textColorPrimary Mui-selected emotion-26"
                  id="work-tab-0"
                  role="tab"
                  tabindex="0"
                  type="button"
                >
                  The Coding Yogi
                </button>
                <button
                  aria-controls="work-tabpanel-1"
                  aria-selected="false"
                  class="MuiButtonBase-root MuiTab-root MuiTab-textColorPrimary emotion-26"
                  id="work-tab-1"
                  role="tab"
                  tabindex="-1"
                  type="button"
                >
                  Imperfect Foods
                </button>
                <button
                  aria-controls="work-tabpanel-2"
                  aria-selected="false"
                  class="MuiButtonBase-root MuiTab-root MuiTab-textColorPrimary emotion-26"
                  id="work-tab-2"
                  role="tab"
                  tabindex="-1"
                  type="button"
                >
                  Door to Door Organics
                </button>
              </div>
              <span
                class="MuiTabs-indicator emotion-29"
                style="left: 0px; width: 0px;"
              />
            </div>
            <div
              class="MuiButtonBase-root MuiTabScrollButton-root MuiTabScrollButton-horizontal Mui-disabled MuiTabs-scrollButtons emotion-21"
            >
              <svg
                aria-hidden="true"
                class="MuiSvgIcon-root MuiSvgIcon-fontSizeSmall emotion-22"
                data-testid="KeyboardArrowRightIcon"
                focusable="false"
                viewBox="0 0 24 24"
              >
                <path
                  d="M8.59 16.34l4.58-4.59-4.58-4.59L10 5.75l6 6-6 6z"
                />
              </svg>
            </div>
          </div>
        </div>
        <div
          aria-labelledby="work-tab-0"
          class="MuiBox-root emotion-32"
          data-testid="portfolio-site"
          id="work-tabpanel-0"
          role="tabpanel"
        >
          <div
            class="MuiBox-root emotion-33"
          >
            <h2
              class="MuiTypography-root MuiTypography-h5 emotion-34"
            >
              The Coding Yogi
               | 
              Owner, Developer
            </h2>
            <span
              class="MuiTypography-root MuiTypography-overline emotion-35"
            >
              Nov 2017
               - 
              Present
            </span>
            <h6
              class="MuiTypography-root MuiTypography-subtitle2 emotion-36"
            >
              Remote
            </h6>
            <ul
              class="MuiList-root MuiList-padding emotion-37"
              data-testid="experience-list"
            >
              <li
                class="MuiListItem-root MuiListItem-gutters MuiListItem-padding emotion-38"
                data-testid="experience-list-item"
              >
                <p
                  class="MuiTypography-root MuiTypography-body2 emotion-17"
                >
                  Current site is built with React, NextJS, and MaterialUI, and deployed to Vercel. Code is fully-tested and automated via Github Actions.
                </p>
              </li>
              <li
                class="MuiListItem-root MuiListItem-gutters MuiListItem-padding emotion-38"
                data-testid="experience-list-item"
              >
                <p
                  class="MuiTypography-root MuiTypography-body2 emotion-17"
                >
                  Original site was built with React and Bulma, bundled with Webpack, and deployed to AWS via CircleCI.
                </p>
              </li>
            </ul>
            <ul
              class="MuiList-root MuiList-padding emotion-42"
              data-testid="chip-list"
            >
              <li
                class="MuiListItem-root MuiListItem-gutters MuiListItem-padding emotion-43"
                data-testid="chip-list-item"
              >
                <div
                  class="MuiChip-root MuiChip-filled MuiChip-sizeSmall MuiChip-colorPrimary MuiChip-filledPrimary emotion-44"
                >
                  <span
                    class="MuiChip-label MuiChip-labelSmall emotion-45"
                  >
                    MaterialUI
                  </span>
                </div>
              </li>
              <li
                class="MuiListItem-root MuiListItem-gutters MuiListItem-padding emotion-43"
                data-testid="chip-list-item"
              >
                <div
                  class="MuiChip-root MuiChip-filled MuiChip-sizeSmall MuiChip-colorPrimary MuiChip-filledPrimary emotion-44"
                >
                  <span
                    class="MuiChip-label MuiChip-labelSmall emotion-45"
                  >
                    Typescript
                  </span>
                </div>
              </li>
              <li
                class="MuiListItem-root MuiListItem-gutters MuiListItem-padding emotion-43"
                data-testid="chip-list-item"
              >
                <div
                  class="MuiChip-root MuiChip-filled MuiChip-sizeSmall MuiChip-colorPrimary MuiChip-filledPrimary emotion-44"
                >
                  <span
                    class="MuiChip-label MuiChip-labelSmall emotion-45"
                  >
                    React
                  </span>
                </div>
              </li>
              <li
                class="MuiListItem-root MuiListItem-gutters MuiListItem-padding emotion-43"
                data-testid="chip-list-item"
              >
                <div
                  class="MuiChip-root MuiChip-filled MuiChip-sizeSmall MuiChip-colorPrimary MuiChip-filledPrimary emotion-44"
                >
                  <span
                    class="MuiChip-label MuiChip-labelSmall emotion-45"
                  >
                    NextJS
                  </span>
                </div>
              </li>
              <li
                class="MuiListItem-root MuiListItem-gutters MuiListItem-padding emotion-43"
                data-testid="chip-list-item"
              >
                <div
                  class="MuiChip-root MuiChip-filled MuiChip-sizeSmall MuiChip-colorPrimary MuiChip-filledPrimary emotion-44"
                >
                  <span
                    class="MuiChip-label MuiChip-labelSmall emotion-45"
                  >
                    Emotion
                  </span>
                </div>
              </li>
              <li
                class="MuiListItem-root MuiListItem-gutters MuiListItem-padding emotion-43"
                data-testid="chip-list-item"
              >
                <div
                  class="MuiChip-root MuiChip-filled MuiChip-sizeSmall MuiChip-colorPrimary MuiChip-filledPrimary emotion-44"
                >
                  <span
                    class="MuiChip-label MuiChip-labelSmall emotion-45"
                  >
                    Jest
                  </span>
                </div>
              </li>
            </ul>
            <ul
              class="MuiList-root MuiList-padding emotion-42"
              data-testid="chip-list"
            >
              <li
                class="MuiListItem-root MuiListItem-gutters MuiListItem-padding emotion-43"
                data-testid="chip-list-item"
              >
                <div
                  class="MuiChip-root MuiChip-outlined MuiChip-sizeSmall MuiChip-colorPrimary MuiChip-outlinedPrimary emotion-63"
                >
                  <span
                    class="MuiChip-label MuiChip-labelSmall emotion-64"
                  >
                    Vercel
                  </span>
                </div>
              </li>
              <li
                class="MuiListItem-root MuiListItem-gutters MuiListItem-padding emotion-43"
                data-testid="chip-list-item"
              >
                <div
                  class="MuiChip-root MuiChip-outlined MuiChip-sizeSmall MuiChip-colorPrimary MuiChip-outlinedPrimary emotion-63"
                >
                  <span
                    class="MuiChip-label MuiChip-labelSmall emotion-64"
                  >
                    Cloudinary
                  </span>
                </div>
              </li>
              <li
                class="MuiListItem-root MuiListItem-gutters MuiListItem-padding emotion-43"
                data-testid="chip-list-item"
              >
                <div
                  class="MuiChip-root MuiChip-outlined MuiChip-sizeSmall MuiChip-colorPrimary MuiChip-outlinedPrimary emotion-63"
                >
                  <span
                    class="MuiChip-label MuiChip-labelSmall emotion-64"
                  >
                    Codecov
                  </span>
                </div>
              </li>
              <li
                class="MuiListItem-root MuiListItem-gutters MuiListItem-padding emotion-43"
                data-testid="chip-list-item"
              >
                <div
                  class="MuiChip-root MuiChip-outlined MuiChip-sizeSmall MuiChip-colorPrimary MuiChip-outlinedPrimary emotion-63"
                >
                  <span
                    class="MuiChip-label MuiChip-labelSmall emotion-64"
                  >
                    Github Actions
                  </span>
                </div>
              </li>
              <li
                class="MuiListItem-root MuiListItem-gutters MuiListItem-padding emotion-43"
                data-testid="chip-list-item"
              >
                <div
                  class="MuiChip-root MuiChip-outlined MuiChip-sizeSmall MuiChip-colorPrimary MuiChip-outlinedPrimary emotion-63"
                >
                  <span
                    class="MuiChip-label MuiChip-labelSmall emotion-64"
                  >
                    Sentry.io
                  </span>
                </div>
              </li>
              <li
                class="MuiListItem-root MuiListItem-gutters MuiListItem-padding emotion-43"
                data-testid="chip-list-item"
              >
                <div
                  class="MuiChip-root MuiChip-outlined MuiChip-sizeSmall MuiChip-colorPrimary MuiChip-outlinedPrimary emotion-63"
                >
                  <span
                    class="MuiChip-label MuiChip-labelSmall emotion-64"
                  >
                    Meticulous.ai
                  </span>
                </div>
              </li>
              <li
                class="MuiListItem-root MuiListItem-gutters MuiListItem-padding emotion-43"
                data-testid="chip-list-item"
              >
                <div
                  class="MuiChip-root MuiChip-outlined MuiChip-sizeSmall MuiChip-colorPrimary MuiChip-outlinedPrimary emotion-63"
                >
                  <span
                    class="MuiChip-label MuiChip-labelSmall emotion-64"
                  >
                    Small.chat
                  </span>
                </div>
              </li>
            </ul>
          </div>
        </div>
        <div
          aria-labelledby="work-tab-1"
          class="MuiBox-root emotion-32"
          data-testid="imperfect-foods"
          hidden=""
          id="work-tabpanel-1"
          role="tabpanel"
        >
          <div
            class="MuiBox-root emotion-33"
          >
            <h2
              class="MuiTypography-root MuiTypography-h5 emotion-34"
            >
              Imperfect Foods
               | 
              Full-Stack Developer
            </h2>
            <span
              class="MuiTypography-root MuiTypography-overline emotion-35"
            >
              Jan 2018
               - 
              Dec 2022
            </span>
            <h6
              class="MuiTypography-root MuiTypography-subtitle2 emotion-36"
            >
              Remote
            </h6>
            <ul
              class="MuiList-root MuiList-padding emotion-37"
              data-testid="experience-list"
            >
              <li
                class="MuiListItem-root MuiListItem-gutters MuiListItem-padding emotion-38"
                data-testid="experience-list-item"
              >
                <p
                  class="MuiTypography-root MuiTypography-body2 emotion-17"
                >
                  Founding member of a collaborative, cross-functional team where we facilitated a unique shopping experience, intended to solve food waste.
                </p>
              </li>
              <li
                class="MuiListItem-root MuiListItem-gutters MuiListItem-padding emotion-38"
                data-testid="experience-list-item"
              >
                <p
                  class="MuiTypography-root MuiTypography-body2 emotion-17"
                >
                  Contributed to the transition of our user base from the legacy site to the new platform after adapting the Door to Door Organics code to Imperfect's business model.
                </p>
              </li>
              <li
                class="MuiListItem-root MuiListItem-gutters MuiListItem-padding emotion-38"
                data-testid="experience-list-item"
              >
                <p
                  class="MuiTypography-root MuiTypography-body2 emotion-17"
                >
                  Involved in architecture decisions and technology improvements.
                </p>
              </li>
              <li
                class="MuiListItem-root MuiListItem-gutters MuiListItem-padding emotion-38"
                data-testid="experience-list-item"
              >
                <p
                  class="MuiTypography-root MuiTypography-body2 emotion-17"
                >
                  Involved in early exploration of new features with our design and project management team members.
                </p>
              </li>
              <li
                class="MuiListItem-root MuiListItem-gutters MuiListItem-padding emotion-38"
                data-testid="experience-list-item"
              >
                <p
                  class="MuiTypography-root MuiTypography-body2 emotion-17"
                >
                  Responsible for the engineering side of our Stripe and Auth0 integrations, as well as collecting our site analytics using Segment and collaborating with merchandising and marketing efforts that relied on this data.
                </p>
              </li>
              <li
                class="MuiListItem-root MuiListItem-gutters MuiListItem-padding emotion-38"
                data-testid="experience-list-item"
              >
                <p
                  class="MuiTypography-root MuiTypography-body2 emotion-17"
                >
                  Mentored junior and mid-level developers as we expanded our team.
                </p>
              </li>
            </ul>
            <ul
              class="MuiList-root MuiList-padding emotion-42"
              data-testid="chip-list"
            >
              <li
                class="MuiListItem-root MuiListItem-gutters MuiListItem-padding emotion-43"
                data-testid="chip-list-item"
              >
                <div
                  class="MuiChip-root MuiChip-filled MuiChip-sizeSmall MuiChip-colorPrimary MuiChip-filledPrimary emotion-44"
                >
                  <span
                    class="MuiChip-label MuiChip-labelSmall emotion-45"
                  >
                    Node
                  </span>
                </div>
              </li>
              <li
                class="MuiListItem-root MuiListItem-gutters MuiListItem-padding emotion-43"
                data-testid="chip-list-item"
              >
                <div
                  class="MuiChip-root MuiChip-filled MuiChip-sizeSmall MuiChip-colorPrimary MuiChip-filledPrimary emotion-44"
                >
                  <span
                    class="MuiChip-label MuiChip-labelSmall emotion-45"
                  >
                    TypeScript
                  </span>
                </div>
              </li>
              <li
                class="MuiListItem-root MuiListItem-gutters MuiListItem-padding emotion-43"
                data-testid="chip-list-item"
              >
                <div
                  class="MuiChip-root MuiChip-filled MuiChip-sizeSmall MuiChip-colorPrimary MuiChip-filledPrimary emotion-44"
                >
                  <span
                    class="MuiChip-label MuiChip-labelSmall emotion-45"
                  >
                    React
                  </span>
                </div>
              </li>
              <li
                class="MuiListItem-root MuiListItem-gutters MuiListItem-padding emotion-43"
                data-testid="chip-list-item"
              >
                <div
                  class="MuiChip-root MuiChip-filled MuiChip-sizeSmall MuiChip-colorPrimary MuiChip-filledPrimary emotion-44"
                >
                  <span
                    class="MuiChip-label MuiChip-labelSmall emotion-45"
                  >
                    React Router
                  </span>
                </div>
              </li>
              <li
                class="MuiListItem-root MuiListItem-gutters MuiListItem-padding emotion-43"
                data-testid="chip-list-item"
              >
                <div
                  class="MuiChip-root MuiChip-filled MuiChip-sizeSmall MuiChip-colorPrimary MuiChip-filledPrimary emotion-44"
                >
                  <span
                    class="MuiChip-label MuiChip-labelSmall emotion-45"
                  >
                    Redux
                  </span>
                </div>
              </li>
              <li
                class="MuiListItem-root MuiListItem-gutters MuiListItem-padding emotion-43"
                data-testid="chip-list-item"
              >
                <div
                  class="MuiChip-root MuiChip-filled MuiChip-sizeSmall MuiChip-colorPrimary MuiChip-filledPrimary emotion-44"
                >
                  <span
                    class="MuiChip-label MuiChip-labelSmall emotion-45"
                  >
                    Sagas
                  </span>
                </div>
              </li>
              <li
                class="MuiListItem-root MuiListItem-gutters MuiListItem-padding emotion-43"
                data-testid="chip-list-item"
              >
                <div
                  class="MuiChip-root MuiChip-filled MuiChip-sizeSmall MuiChip-colorPrimary MuiChip-filledPrimary emotion-44"
                >
                  <span
                    class="MuiChip-label MuiChip-labelSmall emotion-45"
                  >
                    Webpack
                  </span>
                </div>
              </li>
              <li
                class="MuiListItem-root MuiListItem-gutters MuiListItem-padding emotion-43"
                data-testid="chip-list-item"
              >
                <div
                  class="MuiChip-root MuiChip-filled MuiChip-sizeSmall MuiChip-colorPrimary MuiChip-filledPrimary emotion-44"
                >
                  <span
                    class="MuiChip-label MuiChip-labelSmall emotion-45"
                  >
                    Jest
                  </span>
                </div>
              </li>
              <li
                class="MuiListItem-root MuiListItem-gutters MuiListItem-padding emotion-43"
                data-testid="chip-list-item"
              >
                <div
                  class="MuiChip-root MuiChip-filled MuiChip-sizeSmall MuiChip-colorPrimary MuiChip-filledPrimary emotion-44"
                >
                  <span
                    class="MuiChip-label MuiChip-labelSmall emotion-45"
                  >
                    Express
                  </span>
                </div>
              </li>
              <li
                class="MuiListItem-root MuiListItem-gutters MuiListItem-padding emotion-43"
                data-testid="chip-list-item"
              >
                <div
                  class="MuiChip-root MuiChip-filled MuiChip-sizeSmall MuiChip-colorPrimary MuiChip-filledPrimary emotion-44"
                >
                  <span
                    class="MuiChip-label MuiChip-labelSmall emotion-45"
                  >
                    SQL
                  </span>
                </div>
              </li>
              <li
                class="MuiListItem-root MuiListItem-gutters MuiListItem-padding emotion-43"
                data-testid="chip-list-item"
              >
                <div
                  class="MuiChip-root MuiChip-filled MuiChip-sizeSmall MuiChip-colorPrimary MuiChip-filledPrimary emotion-44"
                >
                  <span
                    class="MuiChip-label MuiChip-labelSmall emotion-45"
                  >
                    Microservices
                  </span>
                </div>
              </li>
              <li
                class="MuiListItem-root MuiListItem-gutters MuiListItem-padding emotion-43"
                data-testid="chip-list-item"
              >
                <div
                  class="MuiChip-root MuiChip-filled MuiChip-sizeSmall MuiChip-colorPrimary MuiChip-filledPrimary emotion-44"
                >
                  <span
                    class="MuiChip-label MuiChip-labelSmall emotion-45"
                  >
                    Technical Writing
                  </span>
                </div>
              </li>
              <li
                class="MuiListItem-root MuiListItem-gutters MuiListItem-padding emotion-43"
                data-testid="chip-list-item"
              >
                <div
                  class="MuiChip-root MuiChip-filled MuiChip-sizeSmall MuiChip-colorPrimary MuiChip-filledPrimary emotion-44"
                >
                  <span
                    class="MuiChip-label MuiChip-labelSmall emotion-45"
                  >
                    A/B Testing
                  </span>
                </div>
              </li>
            </ul>
            <ul
              class="MuiList-root MuiList-padding emotion-42"
              data-testid="chip-list"
            >
              <li
                class="MuiListItem-root MuiListItem-gutters MuiListItem-padding emotion-43"
                data-testid="chip-list-item"
              >
                <div
                  class="MuiChip-root MuiChip-outlined MuiChip-sizeSmall MuiChip-colorPrimary MuiChip-outlinedPrimary emotion-63"
                >
                  <span
                    class="MuiChip-label MuiChip-labelSmall emotion-64"
                  >
                    Auth0
                  </span>
                </div>
              </li>
              <li
                class="MuiListItem-root MuiListItem-gutters MuiListItem-padding emotion-43"
                data-testid="chip-list-item"
              >
                <div
                  class="MuiChip-root MuiChip-outlined MuiChip-sizeSmall MuiChip-colorPrimary MuiChip-outlinedPrimary emotion-63"
                >
                  <span
                    class="MuiChip-label MuiChip-labelSmall emotion-64"
                  >
                    Stripe
                  </span>
                </div>
              </li>
              <li
                class="MuiListItem-root MuiListItem-gutters MuiListItem-padding emotion-43"
                data-testid="chip-list-item"
              >
                <div
                  class="MuiChip-root MuiChip-outlined MuiChip-sizeSmall MuiChip-colorPrimary MuiChip-outlinedPrimary emotion-63"
                >
                  <span
                    class="MuiChip-label MuiChip-labelSmall emotion-64"
                  >
                    Split.io
                  </span>
                </div>
              </li>
              <li
                class="MuiListItem-root MuiListItem-gutters MuiListItem-padding emotion-43"
                data-testid="chip-list-item"
              >
                <div
                  class="MuiChip-root MuiChip-outlined MuiChip-sizeSmall MuiChip-colorPrimary MuiChip-outlinedPrimary emotion-63"
                >
                  <span
                    class="MuiChip-label MuiChip-labelSmall emotion-64"
                  >
                    Algolia
                  </span>
                </div>
              </li>
              <li
                class="MuiListItem-root MuiListItem-gutters MuiListItem-padding emotion-43"
                data-testid="chip-list-item"
              >
                <div
                  class="MuiChip-root MuiChip-outlined MuiChip-sizeSmall MuiChip-colorPrimary MuiChip-outlinedPrimary emotion-63"
                >
                  <span
                    class="MuiChip-label MuiChip-labelSmall emotion-64"
                  >
                    Segment.io
                  </span>
                </div>
              </li>
              <li
                class="MuiListItem-root MuiListItem-gutters MuiListItem-padding emotion-43"
                data-testid="chip-list-item"
              >
                <div
                  class="MuiChip-root MuiChip-outlined MuiChip-sizeSmall MuiChip-colorPrimary MuiChip-outlinedPrimary emotion-63"
                >
                  <span
                    class="MuiChip-label MuiChip-labelSmall emotion-64"
                  >
                    Prismic
                  </span>
                </div>
              </li>
              <li
                class="MuiListItem-root MuiListItem-gutters MuiListItem-padding emotion-43"
                data-testid="chip-list-item"
              >
                <div
                  class="MuiChip-root MuiChip-outlined MuiChip-sizeSmall MuiChip-colorPrimary MuiChip-outlinedPrimary emotion-63"
                >
                  <span
                    class="MuiChip-label MuiChip-labelSmall emotion-64"
                  >
                    Snowflake
                  </span>
                </div>
              </li>
              <li
                class="MuiListItem-root MuiListItem-gutters MuiListItem-padding emotion-43"
                data-testid="chip-list-item"
              >
                <div
                  class="MuiChip-root MuiChip-outlined MuiChip-sizeSmall MuiChip-colorPrimary MuiChip-outlinedPrimary emotion-63"
                >
                  <span
                    class="MuiChip-label MuiChip-labelSmall emotion-64"
                  >
                    CircleCI
                  </span>
                </div>
              </li>
              <li
                class="MuiListItem-root MuiListItem-gutters MuiListItem-padding emotion-43"
                data-testid="chip-list-item"
              >
                <div
                  class="MuiChip-root MuiChip-outlined MuiChip-sizeSmall MuiChip-colorPrimary MuiChip-outlinedPrimary emotion-63"
                >
                  <span
                    class="MuiChip-label MuiChip-labelSmall emotion-64"
                  >
                    Cloudinary
                  </span>
                </div>
              </li>
              <li
                class="MuiListItem-root MuiListItem-gutters MuiListItem-padding emotion-43"
                data-testid="chip-list-item"
              >
                <div
                  class="MuiChip-root MuiChip-outlined MuiChip-sizeSmall MuiChip-colorPrimary MuiChip-outlinedPrimary emotion-63"
                >
                  <span
                    class="MuiChip-label MuiChip-labelSmall emotion-64"
                  >
                    Storybook
                  </span>
                </div>
              </li>
              <li
                class="MuiListItem-root MuiListItem-gutters MuiListItem-padding emotion-43"
                data-testid="chip-list-item"
              >
                <div
                  class="MuiChip-root MuiChip-outlined MuiChip-sizeSmall MuiChip-colorPrimary MuiChip-outlinedPrimary emotion-63"
                >
                  <span
                    class="MuiChip-label MuiChip-labelSmall emotion-64"
                  >
                    DataDog
                  </span>
                </div>
              </li>
              <li
                class="MuiListItem-root MuiListItem-gutters MuiListItem-padding emotion-43"
                data-testid="chip-list-item"
              >
                <div
                  class="MuiChip-root MuiChip-outlined MuiChip-sizeSmall MuiChip-colorPrimary MuiChip-outlinedPrimary emotion-63"
                >
                  <span
                    class="MuiChip-label MuiChip-labelSmall emotion-64"
                  >
                    JIRA
                  </span>
                </div>
              </li>
              <li
                class="MuiListItem-root MuiListItem-gutters MuiListItem-padding emotion-43"
                data-testid="chip-list-item"
              >
                <div
                  class="MuiChip-root MuiChip-outlined MuiChip-sizeSmall MuiChip-colorPrimary MuiChip-outlinedPrimary emotion-63"
                >
                  <span
                    class="MuiChip-label MuiChip-labelSmall emotion-64"
                  >
                    Codecov
                  </span>
                </div>
              </li>
              <li
                class="MuiListItem-root MuiListItem-gutters MuiListItem-padding emotion-43"
                data-testid="chip-list-item"
              >
                <div
                  class="MuiChip-root MuiChip-outlined MuiChip-sizeSmall MuiChip-colorPrimary MuiChip-outlinedPrimary emotion-63"
                >
                  <span
                    class="MuiChip-label MuiChip-labelSmall emotion-64"
                  >
                    PostGRES
                  </span>
                </div>
              </li>
              <li
                class="MuiListItem-root MuiListItem-gutters MuiListItem-padding emotion-43"
                data-testid="chip-list-item"
              >
                <div
                  class="MuiChip-root MuiChip-outlined MuiChip-sizeSmall MuiChip-colorPrimary MuiChip-outlinedPrimary emotion-63"
                >
                  <span
                    class="MuiChip-label MuiChip-labelSmall emotion-64"
                  >
                    AWS
                  </span>
                </div>
              </li>
              <li
                class="MuiListItem-root MuiListItem-gutters MuiListItem-padding emotion-43"
                data-testid="chip-list-item"
              >
                <div
                  class="MuiChip-root MuiChip-outlined MuiChip-sizeSmall MuiChip-colorPrimary MuiChip-outlinedPrimary emotion-63"
                >
                  <span
                    class="MuiChip-label MuiChip-labelSmall emotion-64"
                  >
                    Docker
                  </span>
                </div>
              </li>
            </ul>
          </div>
        </div>
        <div
          aria-labelledby="work-tab-2"
          class="MuiBox-root emotion-32"
          data-testid="dtdo"
          hidden=""
          id="work-tabpanel-2"
          role="tabpanel"
        >
          <div
            class="MuiBox-root emotion-33"
          >
            <h2
              class="MuiTypography-root MuiTypography-h5 emotion-34"
            >
              Door to Door Organics
               | 
              Lead Front-End Developer
            </h2>
            <span
              class="MuiTypography-root MuiTypography-overline emotion-35"
            >
              Mar 2014
               - 
              Nov 2017
            </span>
            <h6
              class="MuiTypography-root MuiTypography-subtitle2 emotion-36"
            >
              Louisville, CO & Remote
            </h6>
            <ul
              class="MuiList-root MuiList-padding emotion-37"
              data-testid="experience-list"
            >
              <li
                class="MuiListItem-root MuiListItem-gutters MuiListItem-padding emotion-38"
                data-testid="experience-list-item"
              >
                <p
                  class="MuiTypography-root MuiTypography-body2 emotion-17"
                >
                  During my three and a half years with the company, I worked my way up from a Sr. Java Developer to the Lead
      of the Front-End team.  In 2016 we merged with Relay Foods, and I transitioned to a Full-Stack Developer on a remote-first team,
      where I continued to work in a lead role on our Front-End stack.
                </p>
              </li>
              <li
                class="MuiListItem-root MuiListItem-gutters MuiListItem-padding emotion-38"
                data-testid="experience-list-item"
              >
                <p
                  class="MuiTypography-root MuiTypography-body2 emotion-17"
                >
                  I started at the company with a background in Enterprise Java, but fell in love with JavaScript and React at this job.  In addition,
      I worked on several of our Node Micro-Services, Internal Tools, and contributed to the transition of our user base to the new platform.
                </p>
              </li>
              <li
                class="MuiListItem-root MuiListItem-gutters MuiListItem-padding emotion-38"
                data-testid="experience-list-item"
              >
                <p
                  class="MuiTypography-root MuiTypography-body2 emotion-17"
                >
                  I introduced sagas for achieving complex user interactions and reselect for performant access to our
      redux architecture.  We used JWT for authentication and our stack was hosted on Amazon Web Services (AWS) ElasticBeanstalk (EB) and CircleCI was used for build automation and deployment.
                </p>
              </li>
              <li
                class="MuiListItem-root MuiListItem-gutters MuiListItem-padding emotion-38"
                data-testid="experience-list-item"
              >
                <p
                  class="MuiTypography-root MuiTypography-body2 emotion-17"
                >
                  Our team used slack and screenhero for paired programming and collaboration.  We were a fast-paced team
      with a focus on iterative development.
                </p>
              </li>
            </ul>
            <ul
              class="MuiList-root MuiList-padding emotion-42"
              data-testid="chip-list"
            >
              <li
                class="MuiListItem-root MuiListItem-gutters MuiListItem-padding emotion-43"
                data-testid="chip-list-item"
              >
                <div
                  class="MuiChip-root MuiChip-filled MuiChip-sizeSmall MuiChip-colorPrimary MuiChip-filledPrimary emotion-44"
                >
                  <span
                    class="MuiChip-label MuiChip-labelSmall emotion-45"
                  >
                    Node
                  </span>
                </div>
              </li>
              <li
                class="MuiListItem-root MuiListItem-gutters MuiListItem-padding emotion-43"
                data-testid="chip-list-item"
              >
                <div
                  class="MuiChip-root MuiChip-filled MuiChip-sizeSmall MuiChip-colorPrimary MuiChip-filledPrimary emotion-44"
                >
                  <span
                    class="MuiChip-label MuiChip-labelSmall emotion-45"
                  >
                    JavaScript
                  </span>
                </div>
              </li>
              <li
                class="MuiListItem-root MuiListItem-gutters MuiListItem-padding emotion-43"
                data-testid="chip-list-item"
              >
                <div
                  class="MuiChip-root MuiChip-filled MuiChip-sizeSmall MuiChip-colorPrimary MuiChip-filledPrimary emotion-44"
                >
                  <span
                    class="MuiChip-label MuiChip-labelSmall emotion-45"
                  >
                    React
                  </span>
                </div>
              </li>
              <li
                class="MuiListItem-root MuiListItem-gutters MuiListItem-padding emotion-43"
                data-testid="chip-list-item"
              >
                <div
                  class="MuiChip-root MuiChip-filled MuiChip-sizeSmall MuiChip-colorPrimary MuiChip-filledPrimary emotion-44"
                >
                  <span
                    class="MuiChip-label MuiChip-labelSmall emotion-45"
                  >
                    React Native
                  </span>
                </div>
              </li>
              <li
                class="MuiListItem-root MuiListItem-gutters MuiListItem-padding emotion-43"
                data-testid="chip-list-item"
              >
                <div
                  class="MuiChip-root MuiChip-filled MuiChip-sizeSmall MuiChip-colorPrimary MuiChip-filledPrimary emotion-44"
                >
                  <span
                    class="MuiChip-label MuiChip-labelSmall emotion-45"
                  >
                    Redux
                  </span>
                </div>
              </li>
              <li
                class="MuiListItem-root MuiListItem-gutters MuiListItem-padding emotion-43"
                data-testid="chip-list-item"
              >
                <div
                  class="MuiChip-root MuiChip-filled MuiChip-sizeSmall MuiChip-colorPrimary MuiChip-filledPrimary emotion-44"
                >
                  <span
                    class="MuiChip-label MuiChip-labelSmall emotion-45"
                  >
                    Sagas
                  </span>
                </div>
              </li>
              <li
                class="MuiListItem-root MuiListItem-gutters MuiListItem-padding emotion-43"
                data-testid="chip-list-item"
              >
                <div
                  class="MuiChip-root MuiChip-filled MuiChip-sizeSmall MuiChip-colorPrimary MuiChip-filledPrimary emotion-44"
                >
                  <span
                    class="MuiChip-label MuiChip-labelSmall emotion-45"
                  >
                    Express
                  </span>
                </div>
              </li>
              <li
                class="MuiListItem-root MuiListItem-gutters MuiListItem-padding emotion-43"
                data-testid="chip-list-item"
              >
                <div
                  class="MuiChip-root MuiChip-filled MuiChip-sizeSmall MuiChip-colorPrimary MuiChip-filledPrimary emotion-44"
                >
                  <span
                    class="MuiChip-label MuiChip-labelSmall emotion-45"
                  >
                    SQL
                  </span>
                </div>
              </li>
              <li
                class="MuiListItem-root MuiListItem-gutters MuiListItem-padding emotion-43"
                data-testid="chip-list-item"
              >
                <div
                  class="MuiChip-root MuiChip-filled MuiChip-sizeSmall MuiChip-colorPrimary MuiChip-filledPrimary emotion-44"
                >
                  <span
                    class="MuiChip-label MuiChip-labelSmall emotion-45"
                  >
                    Microservices
                  </span>
                </div>
              </li>
            </ul>
            <ul
              class="MuiList-root MuiList-padding emotion-42"
              data-testid="chip-list"
            >
              <li
                class="MuiListItem-root MuiListItem-gutters MuiListItem-padding emotion-43"
                data-testid="chip-list-item"
              >
                <div
                  class="MuiChip-root MuiChip-outlined MuiChip-sizeSmall MuiChip-colorPrimary MuiChip-outlinedPrimary emotion-63"
                >
                  <span
                    class="MuiChip-label MuiChip-labelSmall emotion-64"
                  >
                    AWS
                  </span>
                </div>
              </li>
              <li
                class="MuiListItem-root MuiListItem-gutters MuiListItem-padding emotion-43"
                data-testid="chip-list-item"
              >
                <div
                  class="MuiChip-root MuiChip-outlined MuiChip-sizeSmall MuiChip-colorPrimary MuiChip-outlinedPrimary emotion-63"
                >
                  <span
                    class="MuiChip-label MuiChip-labelSmall emotion-64"
                  >
                    Auth0
                  </span>
                </div>
              </li>
              <li
                class="MuiListItem-root MuiListItem-gutters MuiListItem-padding emotion-43"
                data-testid="chip-list-item"
              >
                <div
                  class="MuiChip-root MuiChip-outlined MuiChip-sizeSmall MuiChip-colorPrimary MuiChip-outlinedPrimary emotion-63"
                >
                  <span
                    class="MuiChip-label MuiChip-labelSmall emotion-64"
                  >
                    Stripe
                  </span>
                </div>
              </li>
              <li
                class="MuiListItem-root MuiListItem-gutters MuiListItem-padding emotion-43"
                data-testid="chip-list-item"
              >
                <div
                  class="MuiChip-root MuiChip-outlined MuiChip-sizeSmall MuiChip-colorPrimary MuiChip-outlinedPrimary emotion-63"
                >
                  <span
                    class="MuiChip-label MuiChip-labelSmall emotion-64"
                  >
                    Segment.io
                  </span>
                </div>
              </li>
              <li
                class="MuiListItem-root MuiListItem-gutters MuiListItem-padding emotion-43"
                data-testid="chip-list-item"
              >
                <div
                  class="MuiChip-root MuiChip-outlined MuiChip-sizeSmall MuiChip-colorPrimary MuiChip-outlinedPrimary emotion-63"
                >
                  <span
                    class="MuiChip-label MuiChip-labelSmall emotion-64"
                  >
                    Algolia
                  </span>
                </div>
              </li>
              <li
                class="MuiListItem-root MuiListItem-gutters MuiListItem-padding emotion-43"
                data-testid="chip-list-item"
              >
                <div
                  class="MuiChip-root MuiChip-outlined MuiChip-sizeSmall MuiChip-colorPrimary MuiChip-outlinedPrimary emotion-63"
                >
                  <span
                    class="MuiChip-label MuiChip-labelSmall emotion-64"
                  >
                    CircleCI
                  </span>
                </div>
              </li>
              <li
                class="MuiListItem-root MuiListItem-gutters MuiListItem-padding emotion-43"
                data-testid="chip-list-item"
              >
                <div
                  class="MuiChip-root MuiChip-outlined MuiChip-sizeSmall MuiChip-colorPrimary MuiChip-outlinedPrimary emotion-63"
                >
                  <span
                    class="MuiChip-label MuiChip-labelSmall emotion-64"
                  >
                    Cloudinary
                  </span>
                </div>
              </li>
              <li
                class="MuiListItem-root MuiListItem-gutters MuiListItem-padding emotion-43"
                data-testid="chip-list-item"
              >
                <div
                  class="MuiChip-root MuiChip-outlined MuiChip-sizeSmall MuiChip-colorPrimary MuiChip-outlinedPrimary emotion-63"
                >
                  <span
                    class="MuiChip-label MuiChip-labelSmall emotion-64"
                  >
                    PostGRES
                  </span>
                </div>
              </li>
            </ul>
          </div>
        </div>
      </div>
    </div>
  </main>
  <footer
    class="MuiBox-root emotion-257"
    data-testid="footer"
    id="footer"
  >
    <div
      class="MuiBox-root emotion-258"
    >
      <div
        class="MuiBox-root emotion-259"
      >
        <nav
          aria-label="External Navigation"
          class="MuiBox-root emotion-260"
          data-testid="footer-nav"
        >
          <ul
            class="MuiList-root MuiList-padding emotion-261"
          >
            <li
              class="MuiListItem-root MuiListItem-gutters MuiListItem-padding emotion-262"
            >
              <a
                aria-label="LinkedIn (opens in new window)"
                class="MuiTypography-root MuiTypography-inherit MuiLink-root MuiLink-underlineHover emotion-263"
                href="https://www.linkedin.com/in/nicholeuf"
                rel="noopener noreferrer"
                target="_blank"
              >
                <button
                  class="MuiButtonBase-root MuiIconButton-root MuiIconButton-sizeMedium emotion-264"
                  tabindex="0"
                  type="button"
                >
                  <svg
                    aria-hidden="true"
                    class="MuiSvgIcon-root MuiSvgIcon-fontSizeMedium emotion-265"
                    data-testid="LinkedInIcon"
                    focusable="false"
                    viewBox="0 0 24 24"
                  >
                    <path
                      d="M19 3a2 2 0 0 1 2 2v14a2 2 0 0 1-2 2H5a2 2 0 0 1-2-2V5a2 2 0 0 1 2-2h14m-.5 15.5v-5.3a3.26 3.26 0 0 0-3.26-3.26c-.85 0-1.84.52-2.32 1.3v-1.11h-2.79v8.37h2.79v-4.93c0-.77.62-1.4 1.39-1.4a1.4 1.4 0 0 1 1.4 1.4v4.93h2.79M6.88 8.56a1.68 1.68 0 0 0 1.68-1.68c0-.93-.75-1.69-1.68-1.69a1.69 1.69 0 0 0-1.69 1.69c0 .93.76 1.68 1.69 1.68m1.39 9.94v-8.37H5.5v8.37h2.77z"
                    />
                  </svg>
                </button>
              </a>
            </li>
            <li
              class="MuiListItem-root MuiListItem-gutters MuiListItem-padding emotion-262"
            >
              <a
                aria-label="GitHub (opens in new window)"
                class="MuiTypography-root MuiTypography-inherit MuiLink-root MuiLink-underlineHover emotion-263"
                href="https://github.com/nicholeuf"
                rel="noopener noreferrer"
                target="_blank"
              >
                <button
                  class="MuiButtonBase-root MuiIconButton-root MuiIconButton-sizeMedium emotion-264"
                  tabindex="0"
                  type="button"
                >
                  <svg
                    aria-hidden="true"
                    class="MuiSvgIcon-root MuiSvgIcon-fontSizeMedium emotion-265"
                    data-testid="GitHubIcon"
                    focusable="false"
                    viewBox="0 0 24 24"
                  >
                    <path
                      d="M12 1.27a11 11 0 00-3.48 21.46c.55.09.73-.28.73-.55v-1.84c-3.03.64-3.67-1.46-3.67-1.46-.55-1.29-1.28-1.65-1.28-1.65-.92-.65.1-.65.1-.65 1.1 0 1.73 1.1 1.73 1.1.92 1.65 2.57 1.2 3.21.92a2 2 0 01.64-1.47c-2.47-.27-5.04-1.19-5.04-5.5 0-1.1.46-2.1 1.2-2.84a3.76 3.76 0 010-2.93s.91-.28 3.11 1.1c1.8-.49 3.7-.49 5.5 0 2.1-1.38 3.02-1.1 3.02-1.1a3.76 3.76 0 010 2.93c.83.74 1.2 1.74 1.2 2.94 0 4.21-2.57 5.13-5.04 5.4.45.37.82.92.82 2.02v3.03c0 .27.1.64.73.55A11 11 0 0012 1.27"
                    />
                  </svg>
                </button>
              </a>
            </li>
          </ul>
        </nav>
      </div>
      <div
        class="MuiBox-root emotion-270"
      >
        <p
          class="MuiTypography-root MuiTypography-sacramento emotion-271"
        >
          Made with
           
          <span
            class="MuiTypography-root MuiTypography-body1 emotion-272"
          >
            ♥
          </span>
           
          by Nichole Frey
        </p>
      </div>
      <div
        class="MuiBox-root emotion-273"
      >
        <p
          class="MuiTypography-root MuiTypography-overline emotion-274"
        >
          Copyright © 
          2025
           -
           
          <strong>
            All Rights Reserved
          </strong>
        </p>
      </div>
      <div
        class="MuiBox-root emotion-275"
      >
        <p
          class="MuiTypography-root MuiTypography-overline emotion-276"
        >
          <a
            aria-label="View Source Code"
            class="MuiTypography-root MuiTypography-inherit MuiLink-root MuiLink-underlineHover emotion-277"
            href="https://github.com/nicholeuf/zen-site-next"
            rel="noopener noreferrer"
            target="_blank"
          >
            view source code
          </a>
           | 
          <button
            aria-label="View credits and acknowledgments"
            class="MuiButtonBase-root MuiButton-root MuiButton-text MuiButton-textPrimary MuiButton-sizeSmall MuiButton-textSizeSmall MuiButton-colorPrimary MuiButton-root MuiButton-text MuiButton-textPrimary MuiButton-sizeSmall MuiButton-textSizeSmall MuiButton-colorPrimary emotion-278"
            tabindex="0"
            type="button"
          >
            View Credits
          </button>
        </p>
      </div>
    </div>
  </footer>
</div>
`;
